  [38;2;49;50;68m╭────────────────────────────────────────────────────────────────────────────────────────────────────────────────────╮[m
  [38;2;49;50;68m│[m[48;2;49;50;68m [m[48;2;49;50;68m[38;2;166;227;161;48;2;49;50;68m●[m[48;2;49;50;68m [m[1;38;2;137;180;250;48;2;49;50;68m[codebase-analyzer][m[48;2;49;50;68m [m[38;2;166;173;200;48;2;49;50;68mCompleted[m[m[48;2;49;50;68m [m[48;2;49;50;68m                                                                                   [m[38;2;49;50;68m│[m
  [38;2;49;50;68m│[m[48;2;49;50;68m [m[48;2;49;50;68m[m[48;2;49;50;68m [m[48;2;49;50;68m                                                                                                                  [m[38;2;49;50;68m│[m
  [38;2;49;50;68m│[m[48;2;49;50;68m [m[48;2;49;50;68mAnalyze the codebase for patterns and usage examples[m[48;2;49;50;68m [m[48;2;49;50;68m                                                              [m[38;2;49;50;68m│[m
  [38;2;49;50;68m│[m[48;2;49;50;68m [m[48;2;49;50;68m[m[48;2;49;50;68m [m[48;2;49;50;68m                                                                                                                  [m[38;2;49;50;68m│[m
  [38;2;49;50;68m│[m[48;2;49;50;68m [m[48;2;49;50;68m[38;2;186;194;222;48;2;49;50;68m[Click to view][m[m[48;2;49;50;68m [m[48;2;49;50;68m                                                                                                   [m[38;2;49;50;68m│[m
  [38;2;49;50;68m│[m[48;2;49;50;68m                                                                                                                    [m[38;2;49;50;68m│[m
  [38;2;49;50;68m╰────────────────────────────────────────────────────────────────────────────────────────────────────────────────────╯[m