[48;2;49;50;68m [m[48;2;49;50;68m[3;38;2;186;194;222mThinking line 1: analyzing the problem and considering various approaches.[m[m[48;2;49;50;68m                                             [m
[48;2;49;50;68m [m[48;2;49;50;68m[3;38;2;186;194;222mThinking line 2: analyzing the problem and considering various approaches.[m[m[48;2;49;50;68m                                             [m
[48;2;49;50;68m [m[48;2;49;50;68m[3;38;2;186;194;222mThinking line 3: analyzing the problem and considering various approaches.[m[m[48;2;49;50;68m                                             [m
[48;2;49;50;68m [m[48;2;49;50;68m[3;38;2;186;194;222mThinking line 4: analyzing the problem and considering various approaches.[m[m[48;2;49;50;68m                                             [m
[48;2;49;50;68m [m[48;2;49;50;68m[3;38;2;186;194;222mThinking line 5: analyzing the problem and considering various approaches.[m[m[48;2;49;50;68m                                             [m
[48;2;49;50;68m [m[48;2;49;50;68m[3;38;2;186;194;222mThinking line 6: analyzing the problem and considering various approaches.[m[m[48;2;49;50;68m                                             [m
[48;2;49;50;68m [m[48;2;49;50;68m[3;38;2;186;194;222mThinking line 7: analyzing the problem and considering various approaches.[m[m[48;2;49;50;68m                                             [m
[48;2;49;50;68m [m[48;2;49;50;68m[3;38;2;186;194;222mThinking line 8: analyzing the problem and considering various approaches.[m[m[48;2;49;50;68m                                             [m
[48;2;49;50;68m [m[48;2;49;50;68m[3;38;2;186;194;222mThinking line 9: analyzing the problem and considering various approaches.[m[m[48;2;49;50;68m                                             [m
[48;2;49;50;68m [m[48;2;49;50;68m[3;38;2;186;194;222mThinking line :: analyzing the problem and considering various approaches.[m[m[48;2;49;50;68m                                             [m
[48;2;49;50;68m [m[48;2;49;50;68m[3;38;2;186;194;222mThinking line ;: analyzing the problem and considering various approaches.[m[m[48;2;49;50;68m                                             [m
[48;2;49;50;68m [m[48;2;49;50;68m[3;38;2;186;194;222mThinking line <: analyzing the problem and considering various approaches.[m[m[48;2;49;50;68m                                             [m
[48;2;49;50;68m [m[48;2;49;50;68m[3;38;2;186;194;222mThinking line =: analyzing the problem and considering various approaches.[m[m[48;2;49;50;68m                                             [m
[48;2;49;50;68m [m[48;2;49;50;68m[3;38;2;186;194;222mThinking line >: analyzing the problem and considering various approaches.[m[m[48;2;49;50;68m                                             [m
[48;2;49;50;68m [m[48;2;49;50;68m[3;38;2;186;194;222mThinking line ?: analyzing the problem and considering various approaches.[m[m[48;2;49;50;68m                                             [m
[48;2;49;50;68m [m[48;2;49;50;68m[38;2;166;173;200mThought for [m[38;2;137;180;250m3.5s[m[m[48;2;49;50;68m                                                                                                       [m
                                                                                                                        