                                                                                                                        
[1;38;2;166;173;200m───────────────────────────────────────────────────── Iteration #3 ─────────────────────────────────────────────────────[m
                                                                                                                        