                                                                                                                        
                                                                                                                        
                                                                                                                        
                                                                                                                        
                                                                                                                        
                                                                                                                        
                                                                                                                        
                                                                                                                        
                                                                                                                        
                              [38;2;203;166;247m╭──────────────────────────────────────────────────────────╮[m                              
                              [38;2;203;166;247m│[39;48;2;30;30;46m                                                          [38;2;203;166;247;49m│[m                              
                              [38;2;203;166;247m│[39;48;2;30;30;46m  [38;2;203;166;247;1mNote Details[m [38;2;203;166;247m▄▀▄▀▄[38;2;194;167;247m▀▄▀▄▀[38;2;186;169;247m▄▀▄▀▄[38;2;178;171;248m▀▄▀▄▀[38;2;170;172;248m▄▀▄▀▄[38;2;162;174;248m▀▄▀▄▀[38;2;154;176;249m▄▀▄▀▄[38;2;146;177;249m▀▄▀▄▀[38;2;138;179;249m▄[39;48;2;30;30;46m  [38;2;203;166;247;49m│[m                              
                              [38;2;203;166;247m│[39;48;2;30;30;46m                                                          [38;2;203;166;247;49m│[m                              
                              [38;2;203;166;247m│[39;48;2;30;30;46m  [38;2;166;173;200mID: [38;2;205;214;244;49mNOT-1[39;48;2;30;30;46m                                               [38;2;203;166;247;49m│[m                              
                              [38;2;203;166;247m│[39;48;2;30;30;46m                                                          [38;2;203;166;247;49m│[m                              
                              [38;2;203;166;247m│[39;48;2;30;30;46m  [38;2;166;173;200mType:     [39;48;2;203;166;247m [38;2;245;224;220;1m* learning[39;22m [m  [38;2;243;139;168;1m! stuck[m   [38;2;249;226;175;1m› tip[m   [38;2;137;180;250;1m◇ decision[m [48;2;30;30;46m   [38;2;203;166;247;49m│[m                              
                              [38;2;203;166;247m│[39;48;2;30;30;46m                                                          [38;2;203;166;247;49m│[m                              
                              [38;2;203;166;247m│[39;48;2;30;30;46m  [37;49mThis is a very long note content that should wrap   [39;48;2;30;30;46m    [38;2;203;166;247;49m│[m                              
                              [38;2;203;166;247m│[39;48;2;30;30;46m  [37;49macross multiple lines in the modal. It contains     [39;48;2;30;30;46m    [38;2;203;166;247;49m│[m                              
                              [38;2;203;166;247m│[39;48;2;30;30;46m  [37;49menough text to demonstrate the word wrapping        [39;48;2;30;30;46m    [38;2;203;166;247;49m│[m                              
                              [38;2;203;166;247m│[39;48;2;30;30;46m  [37;49mfunctionality and how the modal handles longer      [39;48;2;30;30;46m    [38;2;203;166;247;49m│[m                              
                              [38;2;203;166;247m│[39;48;2;30;30;46m                                                          [38;2;203;166;247;49m│[m                              
                              [38;2;203;166;247m│[39;48;2;30;30;46m  [38;2;166;173;200mCreated:  [38;2;205;214;244;49m2024-01-15 10:30:00[39;48;2;30;30;46m                           [38;2;203;166;247;49m│[m                              
                              [38;2;203;166;247m│[39;48;2;30;30;46m  [38;2;166;173;200mUpdated:  [38;2;205;214;244;49m2024-01-15 10:30:00[39;48;2;30;30;46m                           [38;2;203;166;247;49m│[m                              
                              [38;2;203;166;247m│[39;48;2;30;30;46m                                                          [38;2;203;166;247;49m│[m                              
                              [38;2;203;166;247m│[39;48;2;30;30;46m  [48;2;166;173;200m [38;2;205;214;244;1m  Delete  [39;22m [m  [38;2;186;194;222;1mtab[m [38;2;166;173;200mcycle[m [38;2;88;91;112m.[m [38;2;186;194;222;1m←→[m [38;2;166;173;200mchange[m [38;2;88;91;112m.[m [38;2;186;194;222;1mctrl+enter[m [38;2;166;173;200msave[m [48;2;30;30;46m  [38;2;203;166;247;49m│[m                              
                              [38;2;203;166;247m│[39;48;2;30;30;46m                       [38;2;88;91;112m.[m [38;2;186;194;222;1mesc[m [38;2;166;173;200mclose[m                      [48;2;30;30;46m  [38;2;203;166;247;49m│[m                              
                              [38;2;203;166;247m│[39;48;2;30;30;46m                                                          [38;2;203;166;247;49m│[m                              
                              [38;2;203;166;247m│[39;48;2;30;30;46m                                                          [38;2;203;166;247;49m│[m                              
                              [38;2;203;166;247m│[39;48;2;30;30;46m                                                          [38;2;203;166;247;49m│[m                              
                              [38;2;203;166;247m╰──────────────────────────────────────────────────────────╯[m                              
                                                                                                                        
                                                                                                                        
                                                                                                                        
                                                                                                                        
                                                                                                                        
                                                                                                                        
                                                                                                                        
                                                                                                                        
                                                                                                                        