                                                                                                                        
                                                                                                                        
                                                                                                                        
                                                                                                                        
                                                                                                                        
                                                                                                                        
                                                                                                                        
                                                                                                                        
                                                                                                                        
                                                                                                                        
                                                                                                                        
                                                                                                                        
                             [38;2;203;166;247m╭───────────────────────────────────────────────────────────╮[m                              
                             [38;2;203;166;247m│[39;48;2;30;30;46m                                                           [38;2;203;166;247;49m│[m                              
                             [38;2;203;166;247m│[39;48;2;30;30;46m  [38;2;203;166;247;1mNew Note[m [38;2;203;166;247m▄▀▄▀▄[38;2;195;167;247m▀▄▀▄▀[38;2;188;169;247m▄▀▄▀▄[38;2;181;170;248m▀▄▀▄▀[38;2;173;172;248m▄▀▄▀▄[38;2;166;173;248m▀▄▀▄▀[38;2;159;175;249m▄▀▄▀▄[38;2;151;176;249m▀▄▀▄▀[38;2;144;178;249m▄▀▄▀▄[39;48;2;30;30;46m   [38;2;203;166;247;49m│[m                              
                             [38;2;203;166;247m│[39;48;2;30;30;46m                                                           [38;2;203;166;247;49m│[m                              
                             [38;2;203;166;247m│[39;48;2;30;30;46m  [48;2;203;166;247m [38;2;245;224;220;1m* learning[39;22m [m  [38;2;243;139;168;1m! stuck[m   [38;2;249;226;175;1m› tip[m   [38;2;137;180;250;1m◇ decision[m [48;2;30;30;46m              [38;2;203;166;247;49m│[m                              
                             [38;2;203;166;247m│[39;48;2;30;30;46m                                                           [38;2;203;166;247;49m│[m                              
                             [38;2;203;166;247m│[39;48;2;30;30;46m  [37;49mSample note content [39;48;2;30;30;46m                                     [38;2;203;166;247;49m│[m                              
                             [38;2;203;166;247m│[39;48;2;30;30;46m                                                           [38;2;203;166;247;49m│[m                              
                             [38;2;203;166;247m│[39;48;2;30;30;46m                                                           [38;2;203;166;247;49m│[m                              
                             [38;2;203;166;247m│[39;48;2;30;30;46m                                                           [38;2;203;166;247;49m│[m                              
                             [38;2;203;166;247m│[39;48;2;30;30;46m                                                           [38;2;203;166;247;49m│[m                              
                             [38;2;203;166;247m│[39;48;2;30;30;46m                                           [48;2;166;173;200m [38;2;205;214;244;1m  Save Note  [39;48;2;30;30;46;22m  [38;2;203;166;247;49m│[m                              
                             [38;2;203;166;247m│[39;48;2;30;30;46m                                                           [38;2;203;166;247;49m│[m                              
                             [38;2;203;166;247m│[39;48;2;30;30;46m            [38;2;186;194;222;1mtab[m [38;2;166;173;200mcycle[m [38;2;88;91;112m.[m [38;2;186;194;222;1menter[m [38;2;166;173;200msubmit[m [38;2;88;91;112m.[m [38;2;186;194;222;1mesc[m [38;2;166;173;200mclose[39;48;2;30;30;46m           [38;2;203;166;247;49m│[m                              
                             [38;2;203;166;247m│[39;48;2;30;30;46m                                                           [38;2;203;166;247;49m│[m                              
                             [38;2;203;166;247m╰───────────────────────────────────────────────────────────╯[m                              
                                                                                                                        
                                                                                                                        
                                                                                                                        
                                                                                                                        
                                                                                                                        
                                                                                                                        
                                                                                                                        
                                                                                                                        
                                                                                                                        
                                                                                                                        
                                                                                                                        
                                                                                                                        