                                                                                                                        
  [38;2;203;166;247m╭──────────────────────────────────────────────────────────────────────────────────────────────────────────────────╮[m  
  [38;2;203;166;247m│[39;48;2;30;30;46m                                                                                                                  [38;2;203;166;247;49m│[m  
  [38;2;203;166;247m│[39;48;2;30;30;46m  [38;2;203;166;247;1mSubagent: codebase-analyzer[m [38;2;203;166;247m▄▀▄▀▄▀▄▀▄▀[38;2;194;167;247m▄▀▄▀▄▀▄▀▄▀[38;2;186;169;247m▄▀▄▀▄▀▄▀▄▀[38;2;178;171;248m▄▀▄▀▄▀▄▀▄▀[38;2;170;172;248m▄▀▄▀▄▀▄▀▄▀[38;2;162;174;248m▄▀▄▀▄▀▄▀▄▀[38;2;154;176;249m▄▀▄▀▄▀▄▀▄▀[38;2;146;177;249m▄▀▄▀▄▀▄▀▄▀[38;2;138;179;249m▄▀[39;48;2;30;30;46m  [38;2;203;166;247;49m│[m  
  [38;2;203;166;247m│[39;48;2;30;30;46m  [38;2;88;91;112m──────────────────────────────────────────────────────────────────────────────────────────────────────────────[39m  [38;2;203;166;247;49m│[m  
  [38;2;203;166;247m│[39;48;2;30;30;46m  [38;2;203;166;247m┃[m                                                                                                           [48;2;30;30;46m    [38;2;203;166;247;49m│[m  
  [38;2;203;166;247m│[39;48;2;30;30;46m  [38;2;203;166;247m┃[m   [38;5;252mAnalyzing codebase structure...                                                                         [39;48;2;30;30;46m    [38;2;203;166;247;49m│[m  
  [38;2;203;166;247m│[39;48;2;30;30;46m  [38;2;203;166;247m┃[m                                                                                                           [48;2;30;30;46m    [38;2;203;166;247;49m│[m  
  [38;2;203;166;247m│[39;48;2;30;30;46m  [48;2;49;50;68m [38;2;186;194;222;3mNeed to search for test files and patterns.[39;23m                                                                  [48;2;30;30;46m  [38;2;203;166;247;49m│[m  
  [38;2;203;166;247m│[39;48;2;30;30;46m                                                                                                                  [38;2;203;166;247;49m│[m  
  [38;2;203;166;247m│[39;48;2;30;30;46m    [38;2;249;226;175m●[m [38;2;137;180;250;1mGrep[m [38;2;166;173;200m(pattern=func Test, include=**/*_test.go)[39;48;2;30;30;46m                                                              [38;2;203;166;247;49m│[m  
  [38;2;203;166;247m│[39;48;2;30;30;46m                                                                                                                  [38;2;203;166;247;49m│[m  
  [38;2;203;166;247m│[39;48;2;30;30;46m    [38;2;166;173;200;48;2;49;50;68;3m…(1 more lines, click to expand)[39;23m                                                                            [48;2;30;30;46m  [38;2;203;166;247;49m│[m  
  [38;2;203;166;247m│[39;48;2;30;30;46m                                                                                                                  [38;2;203;166;247;49m│[m  
  [38;2;203;166;247m│[39;48;2;30;30;46m  [38;2;203;166;247m┃[m                                                                                                           [48;2;30;30;46m    [38;2;203;166;247;49m│[m  
  [38;2;203;166;247m│[39;48;2;30;30;46m  [38;2;203;166;247m┃[m   [38;5;252mFound comprehensive test coverage across the codebase.                                                  [39;48;2;30;30;46m    [38;2;203;166;247;49m│[m  
  [38;2;203;166;247m│[39;48;2;30;30;46m  [38;2;203;166;247m┃[m                                                                                                           [48;2;30;30;46m    [38;2;203;166;247;49m│[m  
  [38;2;203;166;247m│[39;48;2;30;30;46m                                                                                                                  [38;2;203;166;247;49m│[m  
  [38;2;203;166;247m│[39;48;2;30;30;46m                                                                                                                  [38;2;203;166;247;49m│[m  
  [38;2;203;166;247m│[39;48;2;30;30;46m                                                                                                                  [38;2;203;166;247;49m│[m  
  [38;2;203;166;247m│[39;48;2;30;30;46m                                                                                                                  [38;2;203;166;247;49m│[m  
  [38;2;203;166;247m│[39;48;2;30;30;46m                                                                                                                  [38;2;203;166;247;49m│[m  
  [38;2;203;166;247m│[39;48;2;30;30;46m                                                                                                                  [38;2;203;166;247;49m│[m  
  [38;2;203;166;247m│[39;48;2;30;30;46m                                                                                                                  [38;2;203;166;247;49m│[m  
  [38;2;203;166;247m│[39;48;2;30;30;46m                                                                                                                  [38;2;203;166;247;49m│[m  
  [38;2;203;166;247m│[39;48;2;30;30;46m                                                                                                                  [38;2;203;166;247;49m│[m  
  [38;2;203;166;247m│[39;48;2;30;30;46m                                                                                                                  [38;2;203;166;247;49m│[m  
  [38;2;203;166;247m│[39;48;2;30;30;46m                                                                                                                  [38;2;203;166;247;49m│[m  
  [38;2;203;166;247m│[39;48;2;30;30;46m                                                                                                                  [38;2;203;166;247;49m│[m  
  [38;2;203;166;247m│[39;48;2;30;30;46m                                                                                                                  [38;2;203;166;247;49m│[m  
  [38;2;203;166;247m│[39;48;2;30;30;46m                                                                                                                  [38;2;203;166;247;49m│[m  
  [38;2;203;166;247m│[39;48;2;30;30;46m                                                                                                                  [38;2;203;166;247;49m│[m  
  [38;2;203;166;247m│[39;48;2;30;30;46m                                                                                                                  [38;2;203;166;247;49m│[m  
  [38;2;203;166;247m│[39;48;2;30;30;46m                                                                                                                  [38;2;203;166;247;49m│[m  
  [38;2;203;166;247m│[39;48;2;30;30;46m                                                                                                                  [38;2;203;166;247;49m│[m  
  [38;2;203;166;247m│[39;48;2;30;30;46m                                                                                                                  [38;2;203;166;247;49m│[m  
  [38;2;203;166;247m│[39;48;2;30;30;46m  [38;2;186;194;222;1mesc[m [38;2;166;173;200mclose[m [38;2;88;91;112m.[m [38;2;186;194;222;1m↑/↓[m [38;2;166;173;200mscroll[39;48;2;30;30;46m                                                                                          [38;2;203;166;247;49m│[m  
  [38;2;203;166;247m│[39;48;2;30;30;46m                                                                                                                  [38;2;203;166;247;49m│[m  
  [38;2;203;166;247m╰──────────────────────────────────────────────────────────────────────────────────────────────────────────────────╯[m  
                                                                                                                        